Archive member included because of file (symbol)

c:/program files (x86)/atmel/atmel toolchain/avr8 gcc/native/3.4.1056/avr8-gnu-toolchain/bin/../lib/gcc/avr/4.8.1/avrxmega2\libgcc.a(_udivmodsi4.o)
                              drivers/com.o (__udivmodsi4)
c:/program files (x86)/atmel/atmel toolchain/avr8 gcc/native/3.4.1056/avr8-gnu-toolchain/bin/../lib/gcc/avr/4.8.1/avrxmega2\libgcc.a(_exit.o)
                              c:/program files (x86)/atmel/atmel toolchain/avr8 gcc/native/3.4.1056/avr8-gnu-toolchain/bin/../lib/gcc/avr/4.8.1/../../../../avr/lib/avrxmega2/crtx32a4u.o (exit)
c:/program files (x86)/atmel/atmel toolchain/avr8 gcc/native/3.4.1056/avr8-gnu-toolchain/bin/../lib/gcc/avr/4.8.1/avrxmega2\libgcc.a(_copy_data.o)
                              main.o (__do_copy_data)
c:/program files (x86)/atmel/atmel toolchain/avr8 gcc/native/3.4.1056/avr8-gnu-toolchain/bin/../lib/gcc/avr/4.8.1/avrxmega2\libgcc.a(_clear_bss.o)
                              drivers/adc.o (__do_clear_bss)
c:/program files (x86)/atmel/atmel toolchain/avr8 gcc/native/3.4.1056/avr8-gnu-toolchain/bin/../lib/gcc/avr/4.8.1/../../../../avr/lib/avrxmega2\libc.a(sprintf.o)
                              main.o (sprintf)
c:/program files (x86)/atmel/atmel toolchain/avr8 gcc/native/3.4.1056/avr8-gnu-toolchain/bin/../lib/gcc/avr/4.8.1/../../../../avr/lib/avrxmega2\libc.a(vfprintf_std.o)
                              c:/program files (x86)/atmel/atmel toolchain/avr8 gcc/native/3.4.1056/avr8-gnu-toolchain/bin/../lib/gcc/avr/4.8.1/../../../../avr/lib/avrxmega2\libc.a(sprintf.o) (vfprintf)
c:/program files (x86)/atmel/atmel toolchain/avr8 gcc/native/3.4.1056/avr8-gnu-toolchain/bin/../lib/gcc/avr/4.8.1/../../../../avr/lib/avrxmega2\libc.a(strnlen_P.o)
                              c:/program files (x86)/atmel/atmel toolchain/avr8 gcc/native/3.4.1056/avr8-gnu-toolchain/bin/../lib/gcc/avr/4.8.1/../../../../avr/lib/avrxmega2\libc.a(vfprintf_std.o) (strnlen_P)
c:/program files (x86)/atmel/atmel toolchain/avr8 gcc/native/3.4.1056/avr8-gnu-toolchain/bin/../lib/gcc/avr/4.8.1/../../../../avr/lib/avrxmega2\libc.a(strnlen.o)
                              c:/program files (x86)/atmel/atmel toolchain/avr8 gcc/native/3.4.1056/avr8-gnu-toolchain/bin/../lib/gcc/avr/4.8.1/../../../../avr/lib/avrxmega2\libc.a(vfprintf_std.o) (strnlen)
c:/program files (x86)/atmel/atmel toolchain/avr8 gcc/native/3.4.1056/avr8-gnu-toolchain/bin/../lib/gcc/avr/4.8.1/../../../../avr/lib/avrxmega2\libc.a(fputc.o)
                              c:/program files (x86)/atmel/atmel toolchain/avr8 gcc/native/3.4.1056/avr8-gnu-toolchain/bin/../lib/gcc/avr/4.8.1/../../../../avr/lib/avrxmega2\libc.a(vfprintf_std.o) (fputc)
c:/program files (x86)/atmel/atmel toolchain/avr8 gcc/native/3.4.1056/avr8-gnu-toolchain/bin/../lib/gcc/avr/4.8.1/../../../../avr/lib/avrxmega2\libc.a(ultoa_invert.o)
                              c:/program files (x86)/atmel/atmel toolchain/avr8 gcc/native/3.4.1056/avr8-gnu-toolchain/bin/../lib/gcc/avr/4.8.1/../../../../avr/lib/avrxmega2\libc.a(vfprintf_std.o) (__ultoa_invert)
c:/program files (x86)/atmel/atmel toolchain/avr8 gcc/native/3.4.1056/avr8-gnu-toolchain/bin/../lib/gcc/avr/4.8.1/avrxmega2\libgcc.a(_prologue.o)
                              c:/program files (x86)/atmel/atmel toolchain/avr8 gcc/native/3.4.1056/avr8-gnu-toolchain/bin/../lib/gcc/avr/4.8.1/../../../../avr/lib/avrxmega2\libc.a(sprintf.o) (__prologue_saves__)
c:/program files (x86)/atmel/atmel toolchain/avr8 gcc/native/3.4.1056/avr8-gnu-toolchain/bin/../lib/gcc/avr/4.8.1/avrxmega2\libgcc.a(_epilogue.o)
                              c:/program files (x86)/atmel/atmel toolchain/avr8 gcc/native/3.4.1056/avr8-gnu-toolchain/bin/../lib/gcc/avr/4.8.1/../../../../avr/lib/avrxmega2\libc.a(sprintf.o) (__epilogue_restores__)

Allocating common symbols
Common symbol       size              file

accel               0x6               drivers/gyro.o
USART_data          0x47              drivers/com.o
accel_zero          0x6               drivers/gyro.o
gyro                0x6               drivers/gyro.o
twiMaster           0x13              drivers/gyro.o
gyro_zero           0x6               drivers/gyro.o

Discarded input sections

 .bss           0x00000000        0x0 c:/program files (x86)/atmel/atmel toolchain/avr8 gcc/native/3.4.1056/avr8-gnu-toolchain/bin/../lib/gcc/avr/4.8.1/../../../../avr/lib/avrxmega2/crtx32a4u.o
 .text          0x00000000        0x0 drivers/adc.o
 .bss           0x00000000        0x0 drivers/adc.o
 .text          0x00000000        0x0 drivers/board.o
 .bss           0x00000000        0x0 drivers/board.o
 .text          0x00000000        0x0 drivers/com.o
 .bss           0x00000000        0x0 drivers/com.o
 .text.radio_putc
                0x00000000       0x16 drivers/com.o
 .text.radio_getc
                0x00000000       0x18 drivers/com.o
 .text.radio_getc_nolock
                0x00000000       0x1e drivers/com.o
 .text.radio_gets
                0x00000000       0x4c drivers/com.o
 .text          0x00000000        0x0 drivers/drivers/adc_driver.o
 .bss           0x00000000        0x0 drivers/drivers/adc_driver.o
 .text.ADC_ResultCh_GetWord_Unsigned
                0x00000000       0x10 drivers/drivers/adc_driver.o
 .text.ADC_ResultCh_GetWord
                0x00000000        0xc drivers/drivers/adc_driver.o
 .text.ADC_ResultCh_GetLowByte
                0x00000000        0xa drivers/drivers/adc_driver.o
 .text.ADC_ResultCh_GetHighByte
                0x00000000        0xa drivers/drivers/adc_driver.o
 .text.ADC_Wait_32MHz
                0x00000000       0x18 drivers/drivers/adc_driver.o
 .text.ADC_Offset_Get_Unsigned
                0x00000000       0x50 drivers/drivers/adc_driver.o
 .text          0x00000000        0x0 drivers/drivers/clksys_driver.o
 .bss           0x00000000        0x0 drivers/drivers/clksys_driver.o
 .text.CLKSYS_XOSC_Config
                0x00000000       0x16 drivers/drivers/clksys_driver.o
 .text.CLKSYS_PLL_Config
                0x00000000        0xc drivers/drivers/clksys_driver.o
 .text.CLKSYS_Disable
                0x00000000       0x14 drivers/drivers/clksys_driver.o
 .text.CLKSYS_RTC_ClockSource_Enable
                0x00000000       0x10 drivers/drivers/clksys_driver.o
 .text.CLKSYS_AutoCalibration_Enable
                0x00000000       0x2e drivers/drivers/clksys_driver.o
 .text.CLKSYS_XOSC_FailureDetection_Enable
                0x00000000        0xc drivers/drivers/clksys_driver.o
 .text.CLKSYS_Configuration_Lock
                0x00000000        0xc drivers/drivers/clksys_driver.o
 .text          0x00000000        0x0 drivers/drivers/dma_driver.o
 .bss           0x00000000        0x0 drivers/drivers/dma_driver.o
 .text.DMA_ConfigDoubleBuffering
                0x00000000        0xe drivers/drivers/dma_driver.o
 .text.DMA_SetPriority
                0x00000000        0xe drivers/drivers/dma_driver.o
 .text.DMA_CH_IsOngoing
                0x00000000        0x8 drivers/drivers/dma_driver.o
 .text.DMA_IsOngoing
                0x00000000        0xa drivers/drivers/dma_driver.o
 .text.DMA_CH_IsPending
                0x00000000        0x8 drivers/drivers/dma_driver.o
 .text.DMA_IsPending
                0x00000000        0xa drivers/drivers/dma_driver.o
 .text.DMA_ReturnStatus_non_blocking
                0x00000000        0x8 drivers/drivers/dma_driver.o
 .text.DMA_ReturnStatus_blocking
                0x00000000        0xe drivers/drivers/dma_driver.o
 .text.DMA_EnableChannel
                0x00000000        0xa drivers/drivers/dma_driver.o
 .text.DMA_DisableChannel
                0x00000000        0xa drivers/drivers/dma_driver.o
 .text.DMA_ResetChannel
                0x00000000       0x16 drivers/drivers/dma_driver.o
 .text.DMA_SetIntLevel
                0x00000000        0xe drivers/drivers/dma_driver.o
 .text.DMA_SetupBlock
                0x00000000       0x5c drivers/drivers/dma_driver.o
 .text.DMA_EnableSingleShot
                0x00000000        0xa drivers/drivers/dma_driver.o
 .text.DMA_DisableSingleShot
                0x00000000        0xa drivers/drivers/dma_driver.o
 .text.DMA_SetTriggerSource
                0x00000000        0x6 drivers/drivers/dma_driver.o
 .text.DMA_StartTransfer
                0x00000000        0xa drivers/drivers/dma_driver.o
 .text          0x00000000        0x0 drivers/drivers/port_driver.o
 .bss           0x00000000        0x0 drivers/drivers/port_driver.o
 .text.PORT_ConfigureInterrupt0
                0x00000000        0xe drivers/drivers/port_driver.o
 .text.PORT_ConfigureInterrupt1
                0x00000000        0xe drivers/drivers/port_driver.o
 .text.PORT_ConfigurePins
                0x00000000       0x32 drivers/drivers/port_driver.o
 .text          0x00000000        0x0 drivers/drivers/qdec_driver.o
 .bss           0x00000000        0x0 drivers/drivers/qdec_driver.o
 .text.QDEC_Port_Setup
                0x00000000       0x8e drivers/drivers/qdec_driver.o
 .text.QDEC_EVSYS_Setup
                0x00000000       0x82 drivers/drivers/qdec_driver.o
 .text.QDEC_Total_Setup
                0x00000000       0x5c drivers/drivers/qdec_driver.o
 .text.QDEC_TC_Dec_Setup
                0x00000000       0x14 drivers/drivers/qdec_driver.o
 .text.QDEC_TC_Freq_Setup
                0x00000000       0x26 drivers/drivers/qdec_driver.o
 .text.QDEC_Get_Direction
                0x00000000        0xa drivers/drivers/qdec_driver.o
 .text          0x00000000        0x0 drivers/drivers/tc_driver.o
 .bss           0x00000000        0x0 drivers/drivers/tc_driver.o
 .text.TC1_ConfigClockSource
                0x00000000        0xc drivers/drivers/tc_driver.o
 .text.TC1_ConfigWGM
                0x00000000        0xc drivers/drivers/tc_driver.o
 .text.TC0_ConfigInputCapture
                0x00000000        0xe drivers/drivers/tc_driver.o
 .text.TC1_ConfigInputCapture
                0x00000000        0xe drivers/drivers/tc_driver.o
 .text.TC1_EnableCCChannels
                0x00000000        0xc drivers/drivers/tc_driver.o
 .text.TC1_DisableCCChannels
                0x00000000        0xe drivers/drivers/tc_driver.o
 .text.TC1_SetOverflowIntLevel
                0x00000000        0xc drivers/drivers/tc_driver.o
 .text.TC0_SetErrorIntLevel
                0x00000000        0xc drivers/drivers/tc_driver.o
 .text.TC1_SetErrorIntLevel
                0x00000000        0xc drivers/drivers/tc_driver.o
 .text.TC0_SetCCAIntLevel
                0x00000000        0xc drivers/drivers/tc_driver.o
 .text.TC1_SetCCAIntLevel
                0x00000000        0xc drivers/drivers/tc_driver.o
 .text.TC0_SetCCBIntLevel
                0x00000000        0xc drivers/drivers/tc_driver.o
 .text.TC1_SetCCBIntLevel
                0x00000000        0xc drivers/drivers/tc_driver.o
 .text.TC0_SetCCCIntLevel
                0x00000000        0xc drivers/drivers/tc_driver.o
 .text.TC0_SetCCDIntLevel
                0x00000000        0xc drivers/drivers/tc_driver.o
 .text.TC0_Reset
                0x00000000        0xe drivers/drivers/tc_driver.o
 .text.TC1_Reset
                0x00000000        0xe drivers/drivers/tc_driver.o
 .text          0x00000000        0x0 drivers/drivers/twi_master_driver.o
 .bss           0x00000000        0x0 drivers/drivers/twi_master_driver.o
 .text.TWI_MasterInit
                0x00000000       0x22 drivers/drivers/twi_master_driver.o
 .text.TWI_MasterState
                0x00000000        0xc drivers/drivers/twi_master_driver.o
 .text.TWI_MasterReady
                0x00000000        0x8 drivers/drivers/twi_master_driver.o
 .text.TWI_MasterWriteRead
                0x00000000       0x76 drivers/drivers/twi_master_driver.o
 .text.TWI_MasterWrite
                0x00000000        0xc drivers/drivers/twi_master_driver.o
 .text.TWI_MasterRead
                0x00000000       0x12 drivers/drivers/twi_master_driver.o
 .text.TWI_MasterTransactionFinished
                0x00000000        0x8 drivers/drivers/twi_master_driver.o
 .text          0x00000000        0x0 drivers/drivers/usart_driver.o
 .bss           0x00000000        0x0 drivers/drivers/usart_driver.o
 .text.USART_InterruptDriver_DreInterruptLevel_Set
                0x00000000        0x6 drivers/drivers/usart_driver.o
 .text.USART_RXBufferData_Available
                0x00000000       0x16 drivers/drivers/usart_driver.o
 .text.USART_RXBuffer_GetByte
                0x00000000       0x1c drivers/drivers/usart_driver.o
 .text.USART_NineBits_PutChar
                0x00000000       0x18 drivers/drivers/usart_driver.o
 .text.USART_NineBits_GetChar
                0x00000000       0x18 drivers/drivers/usart_driver.o
 .text          0x00000000        0x0 drivers/gyro.o
 .bss           0x00000000        0x0 drivers/gyro.o
 .text.gyro_write_byte
                0x00000000       0x34 drivers/gyro.o
 .text.gyro_init
                0x00000000       0x3c drivers/gyro.o
 .text.gyro_read_byte
                0x00000000       0x2c drivers/gyro.o
 .text.gyro_read_word
                0x00000000       0x30 drivers/gyro.o
 .text.gyro_read_accel
                0x00000000       0xa0 drivers/gyro.o
 .text.gyro_zero_accel
                0x00000000       0x7c drivers/gyro.o
 .text.gyro_read_gyro
                0x00000000       0xb4 drivers/gyro.o
 .text.gyro_zero_gyro
                0x00000000       0xa2 drivers/gyro.o
 .text          0x00000000        0x0 drivers/motor.o
 .bss           0x00000000        0x0 drivers/motor.o
 .text.quadrature_init
                0x00000000       0x76 drivers/motor.o
 .text.motor_right_set
                0x00000000       0x84 drivers/motor.o
 .text.motor_left_set
                0x00000000       0x84 drivers/motor.o
 .text          0x00000000        0x0 main.o
 .bss           0x00000000        0x0 main.o
 .text.turn     0x00000000       0x8a main.o
 .text.turn_around
                0x00000000       0x20 main.o
 .text.wall     0x00000000       0x22 main.o
 .text.straight
                0x00000000       0x2c main.o
 .bss.turn_seq  0x00000000        0x2 main.o
 .text          0x00000000        0x0 c:/program files (x86)/atmel/atmel toolchain/avr8 gcc/native/3.4.1056/avr8-gnu-toolchain/bin/../lib/gcc/avr/4.8.1/avrxmega2\libgcc.a(_udivmodsi4.o)
 .bss           0x00000000        0x0 c:/program files (x86)/atmel/atmel toolchain/avr8 gcc/native/3.4.1056/avr8-gnu-toolchain/bin/../lib/gcc/avr/4.8.1/avrxmega2\libgcc.a(_udivmodsi4.o)
 .text.libgcc.mul
                0x00000000        0x0 c:/program files (x86)/atmel/atmel toolchain/avr8 gcc/native/3.4.1056/avr8-gnu-toolchain/bin/../lib/gcc/avr/4.8.1/avrxmega2\libgcc.a(_udivmodsi4.o)
 .text.libgcc   0x00000000        0x0 c:/program files (x86)/atmel/atmel toolchain/avr8 gcc/native/3.4.1056/avr8-gnu-toolchain/bin/../lib/gcc/avr/4.8.1/avrxmega2\libgcc.a(_udivmodsi4.o)
 .text.libgcc.prologue
                0x00000000        0x0 c:/program files (x86)/atmel/atmel toolchain/avr8 gcc/native/3.4.1056/avr8-gnu-toolchain/bin/../lib/gcc/avr/4.8.1/avrxmega2\libgcc.a(_udivmodsi4.o)
 .text.libgcc.builtins
                0x00000000        0x0 c:/program files (x86)/atmel/atmel toolchain/avr8 gcc/native/3.4.1056/avr8-gnu-toolchain/bin/../lib/gcc/avr/4.8.1/avrxmega2\libgcc.a(_udivmodsi4.o)
 .text.libgcc.fmul
                0x00000000        0x0 c:/program files (x86)/atmel/atmel toolchain/avr8 gcc/native/3.4.1056/avr8-gnu-toolchain/bin/../lib/gcc/avr/4.8.1/avrxmega2\libgcc.a(_udivmodsi4.o)
 .text.libgcc.fixed
                0x00000000        0x0 c:/program files (x86)/atmel/atmel toolchain/avr8 gcc/native/3.4.1056/avr8-gnu-toolchain/bin/../lib/gcc/avr/4.8.1/avrxmega2\libgcc.a(_udivmodsi4.o)
 .text          0x00000000        0x0 c:/program files (x86)/atmel/atmel toolchain/avr8 gcc/native/3.4.1056/avr8-gnu-toolchain/bin/../lib/gcc/avr/4.8.1/avrxmega2\libgcc.a(_exit.o)
 .bss           0x00000000        0x0 c:/program files (x86)/atmel/atmel toolchain/avr8 gcc/native/3.4.1056/avr8-gnu-toolchain/bin/../lib/gcc/avr/4.8.1/avrxmega2\libgcc.a(_exit.o)
 .text.libgcc.mul
                0x00000000        0x0 c:/program files (x86)/atmel/atmel toolchain/avr8 gcc/native/3.4.1056/avr8-gnu-toolchain/bin/../lib/gcc/avr/4.8.1/avrxmega2\libgcc.a(_exit.o)
 .text.libgcc.div
                0x00000000        0x0 c:/program files (x86)/atmel/atmel toolchain/avr8 gcc/native/3.4.1056/avr8-gnu-toolchain/bin/../lib/gcc/avr/4.8.1/avrxmega2\libgcc.a(_exit.o)
 .text.libgcc   0x00000000        0x0 c:/program files (x86)/atmel/atmel toolchain/avr8 gcc/native/3.4.1056/avr8-gnu-toolchain/bin/../lib/gcc/avr/4.8.1/avrxmega2\libgcc.a(_exit.o)
 .text.libgcc.prologue
                0x00000000        0x0 c:/program files (x86)/atmel/atmel toolchain/avr8 gcc/native/3.4.1056/avr8-gnu-toolchain/bin/../lib/gcc/avr/4.8.1/avrxmega2\libgcc.a(_exit.o)
 .text.libgcc.builtins
                0x00000000        0x0 c:/program files (x86)/atmel/atmel toolchain/avr8 gcc/native/3.4.1056/avr8-gnu-toolchain/bin/../lib/gcc/avr/4.8.1/avrxmega2\libgcc.a(_exit.o)
 .text.libgcc.fmul
                0x00000000        0x0 c:/program files (x86)/atmel/atmel toolchain/avr8 gcc/native/3.4.1056/avr8-gnu-toolchain/bin/../lib/gcc/avr/4.8.1/avrxmega2\libgcc.a(_exit.o)
 .text.libgcc.fixed
                0x00000000        0x0 c:/program files (x86)/atmel/atmel toolchain/avr8 gcc/native/3.4.1056/avr8-gnu-toolchain/bin/../lib/gcc/avr/4.8.1/avrxmega2\libgcc.a(_exit.o)
 .text          0x00000000        0x0 c:/program files (x86)/atmel/atmel toolchain/avr8 gcc/native/3.4.1056/avr8-gnu-toolchain/bin/../lib/gcc/avr/4.8.1/avrxmega2\libgcc.a(_copy_data.o)
 .bss           0x00000000        0x0 c:/program files (x86)/atmel/atmel toolchain/avr8 gcc/native/3.4.1056/avr8-gnu-toolchain/bin/../lib/gcc/avr/4.8.1/avrxmega2\libgcc.a(_copy_data.o)
 .text.libgcc.mul
                0x00000000        0x0 c:/program files (x86)/atmel/atmel toolchain/avr8 gcc/native/3.4.1056/avr8-gnu-toolchain/bin/../lib/gcc/avr/4.8.1/avrxmega2\libgcc.a(_copy_data.o)
 .text.libgcc.div
                0x00000000        0x0 c:/program files (x86)/atmel/atmel toolchain/avr8 gcc/native/3.4.1056/avr8-gnu-toolchain/bin/../lib/gcc/avr/4.8.1/avrxmega2\libgcc.a(_copy_data.o)
 .text.libgcc   0x00000000        0x0 c:/program files (x86)/atmel/atmel toolchain/avr8 gcc/native/3.4.1056/avr8-gnu-toolchain/bin/../lib/gcc/avr/4.8.1/avrxmega2\libgcc.a(_copy_data.o)
 .text.libgcc.prologue
                0x00000000        0x0 c:/program files (x86)/atmel/atmel toolchain/avr8 gcc/native/3.4.1056/avr8-gnu-toolchain/bin/../lib/gcc/avr/4.8.1/avrxmega2\libgcc.a(_copy_data.o)
 .text.libgcc.builtins
                0x00000000        0x0 c:/program files (x86)/atmel/atmel toolchain/avr8 gcc/native/3.4.1056/avr8-gnu-toolchain/bin/../lib/gcc/avr/4.8.1/avrxmega2\libgcc.a(_copy_data.o)
 .text.libgcc.fmul
                0x00000000        0x0 c:/program files (x86)/atmel/atmel toolchain/avr8 gcc/native/3.4.1056/avr8-gnu-toolchain/bin/../lib/gcc/avr/4.8.1/avrxmega2\libgcc.a(_copy_data.o)
 .text.libgcc.fixed
                0x00000000        0x0 c:/program files (x86)/atmel/atmel toolchain/avr8 gcc/native/3.4.1056/avr8-gnu-toolchain/bin/../lib/gcc/avr/4.8.1/avrxmega2\libgcc.a(_copy_data.o)
 .text          0x00000000        0x0 c:/program files (x86)/atmel/atmel toolchain/avr8 gcc/native/3.4.1056/avr8-gnu-toolchain/bin/../lib/gcc/avr/4.8.1/avrxmega2\libgcc.a(_clear_bss.o)
 .bss           0x00000000        0x0 c:/program files (x86)/atmel/atmel toolchain/avr8 gcc/native/3.4.1056/avr8-gnu-toolchain/bin/../lib/gcc/avr/4.8.1/avrxmega2\libgcc.a(_clear_bss.o)
 .text.libgcc.mul
                0x00000000        0x0 c:/program files (x86)/atmel/atmel toolchain/avr8 gcc/native/3.4.1056/avr8-gnu-toolchain/bin/../lib/gcc/avr/4.8.1/avrxmega2\libgcc.a(_clear_bss.o)
 .text.libgcc.div
                0x00000000        0x0 c:/program files (x86)/atmel/atmel toolchain/avr8 gcc/native/3.4.1056/avr8-gnu-toolchain/bin/../lib/gcc/avr/4.8.1/avrxmega2\libgcc.a(_clear_bss.o)
 .text.libgcc   0x00000000        0x0 c:/program files (x86)/atmel/atmel toolchain/avr8 gcc/native/3.4.1056/avr8-gnu-toolchain/bin/../lib/gcc/avr/4.8.1/avrxmega2\libgcc.a(_clear_bss.o)
 .text.libgcc.prologue
                0x00000000        0x0 c:/program files (x86)/atmel/atmel toolchain/avr8 gcc/native/3.4.1056/avr8-gnu-toolchain/bin/../lib/gcc/avr/4.8.1/avrxmega2\libgcc.a(_clear_bss.o)
 .text.libgcc.builtins
                0x00000000        0x0 c:/program files (x86)/atmel/atmel toolchain/avr8 gcc/native/3.4.1056/avr8-gnu-toolchain/bin/../lib/gcc/avr/4.8.1/avrxmega2\libgcc.a(_clear_bss.o)
 .text.libgcc.fmul
                0x00000000        0x0 c:/program files (x86)/atmel/atmel toolchain/avr8 gcc/native/3.4.1056/avr8-gnu-toolchain/bin/../lib/gcc/avr/4.8.1/avrxmega2\libgcc.a(_clear_bss.o)
 .text.libgcc.fixed
                0x00000000        0x0 c:/program files (x86)/atmel/atmel toolchain/avr8 gcc/native/3.4.1056/avr8-gnu-toolchain/bin/../lib/gcc/avr/4.8.1/avrxmega2\libgcc.a(_clear_bss.o)
 .text          0x00000000        0x0 c:/program files (x86)/atmel/atmel toolchain/avr8 gcc/native/3.4.1056/avr8-gnu-toolchain/bin/../lib/gcc/avr/4.8.1/../../../../avr/lib/avrxmega2\libc.a(sprintf.o)
 .bss           0x00000000        0x0 c:/program files (x86)/atmel/atmel toolchain/avr8 gcc/native/3.4.1056/avr8-gnu-toolchain/bin/../lib/gcc/avr/4.8.1/../../../../avr/lib/avrxmega2\libc.a(sprintf.o)
 .text          0x00000000        0x0 c:/program files (x86)/atmel/atmel toolchain/avr8 gcc/native/3.4.1056/avr8-gnu-toolchain/bin/../lib/gcc/avr/4.8.1/../../../../avr/lib/avrxmega2\libc.a(vfprintf_std.o)
 .bss           0x00000000        0x0 c:/program files (x86)/atmel/atmel toolchain/avr8 gcc/native/3.4.1056/avr8-gnu-toolchain/bin/../lib/gcc/avr/4.8.1/../../../../avr/lib/avrxmega2\libc.a(vfprintf_std.o)
 .text          0x00000000        0x0 c:/program files (x86)/atmel/atmel toolchain/avr8 gcc/native/3.4.1056/avr8-gnu-toolchain/bin/../lib/gcc/avr/4.8.1/../../../../avr/lib/avrxmega2\libc.a(strnlen_P.o)
 .bss           0x00000000        0x0 c:/program files (x86)/atmel/atmel toolchain/avr8 gcc/native/3.4.1056/avr8-gnu-toolchain/bin/../lib/gcc/avr/4.8.1/../../../../avr/lib/avrxmega2\libc.a(strnlen_P.o)
 .text          0x00000000        0x0 c:/program files (x86)/atmel/atmel toolchain/avr8 gcc/native/3.4.1056/avr8-gnu-toolchain/bin/../lib/gcc/avr/4.8.1/../../../../avr/lib/avrxmega2\libc.a(strnlen.o)
 .bss           0x00000000        0x0 c:/program files (x86)/atmel/atmel toolchain/avr8 gcc/native/3.4.1056/avr8-gnu-toolchain/bin/../lib/gcc/avr/4.8.1/../../../../avr/lib/avrxmega2\libc.a(strnlen.o)
 .text          0x00000000        0x0 c:/program files (x86)/atmel/atmel toolchain/avr8 gcc/native/3.4.1056/avr8-gnu-toolchain/bin/../lib/gcc/avr/4.8.1/../../../../avr/lib/avrxmega2\libc.a(fputc.o)
 .bss           0x00000000        0x0 c:/program files (x86)/atmel/atmel toolchain/avr8 gcc/native/3.4.1056/avr8-gnu-toolchain/bin/../lib/gcc/avr/4.8.1/../../../../avr/lib/avrxmega2\libc.a(fputc.o)
 .text          0x00000000        0x0 c:/program files (x86)/atmel/atmel toolchain/avr8 gcc/native/3.4.1056/avr8-gnu-toolchain/bin/../lib/gcc/avr/4.8.1/../../../../avr/lib/avrxmega2\libc.a(ultoa_invert.o)
 .bss           0x00000000        0x0 c:/program files (x86)/atmel/atmel toolchain/avr8 gcc/native/3.4.1056/avr8-gnu-toolchain/bin/../lib/gcc/avr/4.8.1/../../../../avr/lib/avrxmega2\libc.a(ultoa_invert.o)
 .text          0x00000000        0x0 c:/program files (x86)/atmel/atmel toolchain/avr8 gcc/native/3.4.1056/avr8-gnu-toolchain/bin/../lib/gcc/avr/4.8.1/avrxmega2\libgcc.a(_prologue.o)
 .bss           0x00000000        0x0 c:/program files (x86)/atmel/atmel toolchain/avr8 gcc/native/3.4.1056/avr8-gnu-toolchain/bin/../lib/gcc/avr/4.8.1/avrxmega2\libgcc.a(_prologue.o)
 .text.libgcc.mul
                0x00000000        0x0 c:/program files (x86)/atmel/atmel toolchain/avr8 gcc/native/3.4.1056/avr8-gnu-toolchain/bin/../lib/gcc/avr/4.8.1/avrxmega2\libgcc.a(_prologue.o)
 .text.libgcc.div
                0x00000000        0x0 c:/program files (x86)/atmel/atmel toolchain/avr8 gcc/native/3.4.1056/avr8-gnu-toolchain/bin/../lib/gcc/avr/4.8.1/avrxmega2\libgcc.a(_prologue.o)
 .text.libgcc   0x00000000        0x0 c:/program files (x86)/atmel/atmel toolchain/avr8 gcc/native/3.4.1056/avr8-gnu-toolchain/bin/../lib/gcc/avr/4.8.1/avrxmega2\libgcc.a(_prologue.o)
 .text.libgcc.builtins
                0x00000000        0x0 c:/program files (x86)/atmel/atmel toolchain/avr8 gcc/native/3.4.1056/avr8-gnu-toolchain/bin/../lib/gcc/avr/4.8.1/avrxmega2\libgcc.a(_prologue.o)
 .text.libgcc.fmul
                0x00000000        0x0 c:/program files (x86)/atmel/atmel toolchain/avr8 gcc/native/3.4.1056/avr8-gnu-toolchain/bin/../lib/gcc/avr/4.8.1/avrxmega2\libgcc.a(_prologue.o)
 .text.libgcc.fixed
                0x00000000        0x0 c:/program files (x86)/atmel/atmel toolchain/avr8 gcc/native/3.4.1056/avr8-gnu-toolchain/bin/../lib/gcc/avr/4.8.1/avrxmega2\libgcc.a(_prologue.o)
 .text          0x00000000        0x0 c:/program files (x86)/atmel/atmel toolchain/avr8 gcc/native/3.4.1056/avr8-gnu-toolchain/bin/../lib/gcc/avr/4.8.1/avrxmega2\libgcc.a(_epilogue.o)
 .bss           0x00000000        0x0 c:/program files (x86)/atmel/atmel toolchain/avr8 gcc/native/3.4.1056/avr8-gnu-toolchain/bin/../lib/gcc/avr/4.8.1/avrxmega2\libgcc.a(_epilogue.o)
 .text.libgcc.mul
                0x00000000        0x0 c:/program files (x86)/atmel/atmel toolchain/avr8 gcc/native/3.4.1056/avr8-gnu-toolchain/bin/../lib/gcc/avr/4.8.1/avrxmega2\libgcc.a(_epilogue.o)
 .text.libgcc.div
                0x00000000        0x0 c:/program files (x86)/atmel/atmel toolchain/avr8 gcc/native/3.4.1056/avr8-gnu-toolchain/bin/../lib/gcc/avr/4.8.1/avrxmega2\libgcc.a(_epilogue.o)
 .text.libgcc   0x00000000        0x0 c:/program files (x86)/atmel/atmel toolchain/avr8 gcc/native/3.4.1056/avr8-gnu-toolchain/bin/../lib/gcc/avr/4.8.1/avrxmega2\libgcc.a(_epilogue.o)
 .text.libgcc.builtins
                0x00000000        0x0 c:/program files (x86)/atmel/atmel toolchain/avr8 gcc/native/3.4.1056/avr8-gnu-toolchain/bin/../lib/gcc/avr/4.8.1/avrxmega2\libgcc.a(_epilogue.o)
 .text.libgcc.fmul
                0x00000000        0x0 c:/program files (x86)/atmel/atmel toolchain/avr8 gcc/native/3.4.1056/avr8-gnu-toolchain/bin/../lib/gcc/avr/4.8.1/avrxmega2\libgcc.a(_epilogue.o)
 .text.libgcc.fixed
                0x00000000        0x0 c:/program files (x86)/atmel/atmel toolchain/avr8 gcc/native/3.4.1056/avr8-gnu-toolchain/bin/../lib/gcc/avr/4.8.1/avrxmega2\libgcc.a(_epilogue.o)

Memory Configuration

Name             Origin             Length             Attributes
text             0x00000000         0x00100000         xr
data             0x00802000         0x0000ffa0         rw !x
eeprom           0x00810000         0x00010000         rw !x
fuse             0x00820000         0x00000400         rw !x
lock             0x00830000         0x00000400         rw !x
signature        0x00840000         0x00000400         rw !x
user_signatures  0x00850000         0x00000400         rw !x
*default*        0x00000000         0xffffffff

Linker script and memory map

LOAD c:/program files (x86)/atmel/atmel toolchain/avr8 gcc/native/3.4.1056/avr8-gnu-toolchain/bin/../lib/gcc/avr/4.8.1/../../../../avr/lib/avrxmega2/crtx32a4u.o
LOAD drivers/adc.o
LOAD drivers/board.o
LOAD drivers/com.o
LOAD drivers/drivers/adc_driver.o
LOAD drivers/drivers/clksys_driver.o
LOAD drivers/drivers/dma_driver.o
LOAD drivers/drivers/port_driver.o
LOAD drivers/drivers/qdec_driver.o
LOAD drivers/drivers/tc_driver.o
LOAD drivers/drivers/twi_master_driver.o
LOAD drivers/drivers/usart_driver.o
LOAD drivers/gyro.o
LOAD drivers/motor.o
LOAD main.o
START GROUP
LOAD c:/program files (x86)/atmel/atmel toolchain/avr8 gcc/native/3.4.1056/avr8-gnu-toolchain/bin/../lib/gcc/avr/4.8.1/../../../../avr/lib/avrxmega2\libm.a
END GROUP
START GROUP
LOAD c:/program files (x86)/atmel/atmel toolchain/avr8 gcc/native/3.4.1056/avr8-gnu-toolchain/bin/../lib/gcc/avr/4.8.1/avrxmega2\libgcc.a
LOAD c:/program files (x86)/atmel/atmel toolchain/avr8 gcc/native/3.4.1056/avr8-gnu-toolchain/bin/../lib/gcc/avr/4.8.1/../../../../avr/lib/avrxmega2\libm.a
LOAD c:/program files (x86)/atmel/atmel toolchain/avr8 gcc/native/3.4.1056/avr8-gnu-toolchain/bin/../lib/gcc/avr/4.8.1/../../../../avr/lib/avrxmega2\libc.a
END GROUP

.hash
 *(.hash)

.dynsym
 *(.dynsym)

.dynstr
 *(.dynstr)

.gnu.version
 *(.gnu.version)

.gnu.version_d
 *(.gnu.version_d)

.gnu.version_r
 *(.gnu.version_r)

.rel.init
 *(.rel.init)

.rela.init
 *(.rela.init)

.rel.text
 *(.rel.text)
 *(.rel.text.*)
 *(.rel.gnu.linkonce.t*)

.rela.text
 *(.rela.text)
 *(.rela.text.*)
 *(.rela.gnu.linkonce.t*)

.rel.fini
 *(.rel.fini)

.rela.fini
 *(.rela.fini)

.rel.rodata
 *(.rel.rodata)
 *(.rel.rodata.*)
 *(.rel.gnu.linkonce.r*)

.rela.rodata
 *(.rela.rodata)
 *(.rela.rodata.*)
 *(.rela.gnu.linkonce.r*)

.rel.data
 *(.rel.data)
 *(.rel.data.*)
 *(.rel.gnu.linkonce.d*)

.rela.data
 *(.rela.data)
 *(.rela.data.*)
 *(.rela.gnu.linkonce.d*)

.rel.ctors
 *(.rel.ctors)

.rela.ctors
 *(.rela.ctors)

.rel.dtors
 *(.rel.dtors)

.rela.dtors
 *(.rela.dtors)

.rel.got
 *(.rel.got)

.rela.got
 *(.rela.got)

.rel.bss
 *(.rel.bss)

.rela.bss
 *(.rela.bss)

.rel.plt
 *(.rel.plt)

.rela.plt
 *(.rela.plt)

.text           0x00000000     0x12b4
 *(.vectors)
 .vectors       0x00000000      0x1fc c:/program files (x86)/atmel/atmel toolchain/avr8 gcc/native/3.4.1056/avr8-gnu-toolchain/bin/../lib/gcc/avr/4.8.1/../../../../avr/lib/avrxmega2/crtx32a4u.o
                0x00000000                __vector_default
                0x00000000                __vectors
 *(.vectors)
 *(.progmem.gcc*)
                0x000001fc                . = ALIGN (0x2)
                0x000001fc                __trampolines_start = .
 *(.trampolines)
 .trampolines   0x000001fc        0x0 linker stubs
 *(.trampolines*)
                0x000001fc                __trampolines_end = .
 *(.progmem*)
                0x000001fc                . = ALIGN (0x2)
 *(.jumptables)
 *(.jumptables*)
 *(.lowtext)
 *(.lowtext*)
                0x000001fc                __ctors_start = .
 *(.ctors)
                0x000001fc                __ctors_end = .
                0x000001fc                __dtors_start = .
 *(.dtors)
                0x000001fc                __dtors_end = .
 SORT(*)(.ctors)
 SORT(*)(.dtors)
 *(.init0)
 .init0         0x000001fc        0x0 c:/program files (x86)/atmel/atmel toolchain/avr8 gcc/native/3.4.1056/avr8-gnu-toolchain/bin/../lib/gcc/avr/4.8.1/../../../../avr/lib/avrxmega2/crtx32a4u.o
                0x000001fc                __init
 *(.init0)
 *(.init1)
 *(.init1)
 *(.init2)
 .init2         0x000001fc        0xc c:/program files (x86)/atmel/atmel toolchain/avr8 gcc/native/3.4.1056/avr8-gnu-toolchain/bin/../lib/gcc/avr/4.8.1/../../../../avr/lib/avrxmega2/crtx32a4u.o
 *(.init2)
 *(.init3)
 *(.init3)
 *(.init4)
 .init4         0x00000208       0x16 c:/program files (x86)/atmel/atmel toolchain/avr8 gcc/native/3.4.1056/avr8-gnu-toolchain/bin/../lib/gcc/avr/4.8.1/avrxmega2\libgcc.a(_copy_data.o)
                0x00000208                __do_copy_data
 .init4         0x0000021e       0x10 c:/program files (x86)/atmel/atmel toolchain/avr8 gcc/native/3.4.1056/avr8-gnu-toolchain/bin/../lib/gcc/avr/4.8.1/avrxmega2\libgcc.a(_clear_bss.o)
                0x0000021e                __do_clear_bss
 *(.init4)
 *(.init5)
 *(.init5)
 *(.init6)
 *(.init6)
 *(.init7)
 *(.init7)
 *(.init8)
 *(.init8)
 *(.init9)
 .init9         0x0000022e        0x8 c:/program files (x86)/atmel/atmel toolchain/avr8 gcc/native/3.4.1056/avr8-gnu-toolchain/bin/../lib/gcc/avr/4.8.1/../../../../avr/lib/avrxmega2/crtx32a4u.o
 *(.init9)
 *(.text)
 .text          0x00000236        0x4 c:/program files (x86)/atmel/atmel toolchain/avr8 gcc/native/3.4.1056/avr8-gnu-toolchain/bin/../lib/gcc/avr/4.8.1/../../../../avr/lib/avrxmega2/crtx32a4u.o
                0x00000236                __vector_38
                0x00000236                __vector_104
                0x00000236                __vector_22
                0x00000236                __vector_63
                0x00000236                __vector_28
                0x00000236                __vector_67
                0x00000236                __vector_1
                0x00000236                __vector_119
                0x00000236                __vector_32
                0x00000236                __vector_75
                0x00000236                __vector_71
                0x00000236                __vector_91
                0x00000236                __vector_34
                0x00000236                __vector_62
                0x00000236                __vector_77
                0x00000236                __vector_102
                0x00000236                __vector_24
                0x00000236                __vector_12
                0x00000236                __vector_55
                0x00000236                __vector_69
                0x00000236                __vector_81
                0x00000236                __vector_90
                0x00000236                __bad_interrupt
                0x00000236                __vector_122
                0x00000236                __vector_72
                0x00000236                __vector_114
                0x00000236                __vector_6
                0x00000236                __vector_110
                0x00000236                __vector_31
                0x00000236                __vector_92
                0x00000236                __vector_35
                0x00000236                __vector_78
                0x00000236                __vector_74
                0x00000236                __vector_117
                0x00000236                __vector_39
                0x00000236                __vector_107
                0x00000236                __vector_3
                0x00000236                __vector_105
                0x00000236                __vector_98
                0x00000236                __vector_23
                0x00000236                __vector_68
                0x00000236                __vector_30
                0x00000236                __vector_73
                0x00000236                __vector_45
                0x00000236                __vector_25
                0x00000236                __vector_93
                0x00000236                __vector_61
                0x00000236                __vector_11
                0x00000236                __vector_54
                0x00000236                __vector_99
                0x00000236                __vector_13
                0x00000236                __vector_17
                0x00000236                __vector_19
                0x00000236                __vector_56
                0x00000236                __vector_7
                0x00000236                __vector_125
                0x00000236                __vector_49
                0x00000236                __vector_123
                0x00000236                __vector_41
                0x00000236                __vector_86
                0x00000236                __vector_100
                0x00000236                __vector_101
                0x00000236                __vector_64
                0x00000236                __vector_88
                0x00000236                __vector_109
                0x00000236                __vector_43
                0x00000236                __vector_27
                0x00000236                __vector_5
                0x00000236                __vector_113
                0x00000236                __vector_33
                0x00000236                __vector_76
                0x00000236                __vector_115
                0x00000236                __vector_52
                0x00000236                __vector_37
                0x00000236                __vector_95
                0x00000236                __vector_103
                0x00000236                __vector_96
                0x00000236                __vector_89
                0x00000236                __vector_108
                0x00000236                __vector_4
                0x00000236                __vector_44
                0x00000236                __vector_82
                0x00000236                __vector_106
                0x00000236                __vector_118
                0x00000236                __vector_51
                0x00000236                __vector_9
                0x00000236                __vector_2
                0x00000236                __vector_21
                0x00000236                __vector_15
                0x00000236                __vector_66
                0x00000236                __vector_36
                0x00000236                __vector_79
                0x00000236                __vector_70
                0x00000236                __vector_83
                0x00000236                __vector_29
                0x00000236                __vector_60
                0x00000236                __vector_121
                0x00000236                __vector_40
                0x00000236                __vector_85
                0x00000236                __vector_94
                0x00000236                __vector_126
                0x00000236                __vector_8
                0x00000236                __vector_26
                0x00000236                __vector_48
                0x00000236                __vector_124
                0x00000236                __vector_116
                0x00000236                __vector_112
                0x00000236                __vector_111
                0x00000236                __vector_80
                0x00000236                __vector_14
                0x00000236                __vector_84
                0x00000236                __vector_57
                0x00000236                __vector_53
                0x00000236                __vector_10
                0x00000236                __vector_50
                0x00000236                __vector_16
                0x00000236                __vector_18
                0x00000236                __vector_97
                0x00000236                __vector_20
                0x00000236                __vector_42
                0x00000236                __vector_87
                0x00000236                __vector_65
                0x00000236                __vector_120
                0x0000023a                . = ALIGN (0x2)
 *(.text.*)
 .text.adc_init
                0x0000023a       0x58 drivers/adc.o
                0x0000023a                adc_init
 .text.adc_read
                0x00000292       0x26 drivers/adc.o
                0x00000292                adc_read
 .text.__vector_47
                0x000002b8       0x4a drivers/board.o
                0x000002b8                __vector_47
 .text.radio_init
                0x00000302       0xa4 drivers/com.o
                0x00000302                radio_init
 .text.radio_puts
                0x000003a6       0x20 drivers/com.o
                0x000003a6                radio_puts
 .text.__vector_58
                0x000003c6       0x4c drivers/com.o
                0x000003c6                __vector_58
 .text.__vector_59
                0x00000412       0x4c drivers/com.o
                0x00000412                __vector_59
 .text.ADC_ResultCh_GetWord_Signed
                0x0000045e       0x14 drivers/drivers/adc_driver.o
                0x0000045e                ADC_ResultCh_GetWord_Signed
 .text.ADC_Wait_8MHz
                0x00000472       0x16 drivers/drivers/adc_driver.o
                0x00000472                ADC_Wait_8MHz
 .text.ADC_Offset_Get_Signed
                0x00000488       0x54 drivers/drivers/adc_driver.o
                0x00000488                ADC_Offset_Get_Signed
 .text.SP_ReadCalibrationByte
                0x000004dc       0x12 drivers/drivers/adc_driver.o
                0x000004dc                SP_ReadCalibrationByte
 .text.ADC_CalibrationValues_Load
                0x000004ee       0x3a drivers/drivers/adc_driver.o
                0x000004ee                ADC_CalibrationValues_Load
 .text.CCPWrite
                0x00000528       0x2a drivers/drivers/clksys_driver.o
                0x00000528                CCPWrite
 .text.CLKSYS_Prescalers_Config
                0x00000552        0xc drivers/drivers/clksys_driver.o
                0x00000552                CLKSYS_Prescalers_Config
 .text.CLKSYS_Main_ClockSource_Select
                0x0000055e       0x26 drivers/drivers/clksys_driver.o
                0x0000055e                CLKSYS_Main_ClockSource_Select
 .text.TC0_ConfigClockSource
                0x00000584        0xc drivers/drivers/tc_driver.o
                0x00000584                TC0_ConfigClockSource
 .text.TC0_ConfigWGM
                0x00000590        0xc drivers/drivers/tc_driver.o
                0x00000590                TC0_ConfigWGM
 .text.TC0_EnableCCChannels
                0x0000059c        0xc drivers/drivers/tc_driver.o
                0x0000059c                TC0_EnableCCChannels
 .text.TC0_DisableCCChannels
                0x000005a8        0xe drivers/drivers/tc_driver.o
                0x000005a8                TC0_DisableCCChannels
 .text.TC0_SetOverflowIntLevel
                0x000005b6        0xc drivers/drivers/tc_driver.o
                0x000005b6                TC0_SetOverflowIntLevel
 .text.TWI_MasterArbitrationLostBusErrorHandler
                0x000005c2       0x24 drivers/drivers/twi_master_driver.o
                0x000005c2                TWI_MasterArbitrationLostBusErrorHandler
 .text.TWI_MasterWriteHandler
                0x000005e6       0x64 drivers/drivers/twi_master_driver.o
                0x000005e6                TWI_MasterWriteHandler
 .text.TWI_MasterReadHandler
                0x0000064a       0x5a drivers/drivers/twi_master_driver.o
                0x0000064a                TWI_MasterReadHandler
 .text.TWI_MasterInterruptHandler
                0x000006a4       0x32 drivers/drivers/twi_master_driver.o
                0x000006a4                TWI_MasterInterruptHandler
 .text.USART_InterruptDriver_Initialize
                0x000006d6       0x1c drivers/drivers/usart_driver.o
                0x000006d6                USART_InterruptDriver_Initialize
 .text.USART_TXBuffer_FreeSpace
                0x000006f2       0x1a drivers/drivers/usart_driver.o
                0x000006f2                USART_TXBuffer_FreeSpace
 .text.USART_TXBuffer_PutByte
                0x0000070c       0x40 drivers/drivers/usart_driver.o
                0x0000070c                USART_TXBuffer_PutByte
 .text.USART_RXComplete
                0x0000074c       0x38 drivers/drivers/usart_driver.o
                0x0000074c                USART_RXComplete
 .text.USART_DataRegEmpty
                0x00000784       0x4a drivers/drivers/usart_driver.o
                0x00000784                USART_DataRegEmpty
 .text.__vector_46
                0x000007ce       0x4c drivers/gyro.o
                0x000007ce                __vector_46
 .text.motor_init
                0x0000081a       0x6c drivers/motor.o
                0x0000081a                motor_init
 .text.motor_set
                0x00000886      0x106 drivers/motor.o
                0x00000886                motor_set
 .text.motors   0x0000098c       0x4e main.o
                0x0000098c                motors
 .text.stop     0x000009da        0xe main.o
                0x000009da                stop
 .text.delay_ms
                0x000009e8       0x18 main.o
                0x000009e8                delay_ms
 .text.get_front_left
                0x00000a00        0x8 main.o
                0x00000a00                get_front_left
 .text.get_front_right
                0x00000a08        0xa main.o
                0x00000a08                get_front_right
 .text.calibrate_front
                0x00000a12       0x8e main.o
                0x00000a12                calibrate_front
 .text.go       0x00000aa0       0x6e main.o
                0x00000aa0                go
 .text.get_left_diag
                0x00000b0e        0x8 main.o
                0x00000b0e                get_left_diag
 .text.get_right_diag
                0x00000b16        0xa main.o
                0x00000b16                get_right_diag
 .text.get_left
                0x00000b20        0xa main.o
                0x00000b20                get_left
 .text.get_right
                0x00000b2a        0x8 main.o
                0x00000b2a                get_right
 .text.send_debug_msg
                0x00000b32       0xb2 main.o
                0x00000b32                send_debug_msg
 .text.main     0x00000be4       0xf2 main.o
                0x00000be4                main
 .text.libgcc.div
                0x00000cd6       0x44 c:/program files (x86)/atmel/atmel toolchain/avr8 gcc/native/3.4.1056/avr8-gnu-toolchain/bin/../lib/gcc/avr/4.8.1/avrxmega2\libgcc.a(_udivmodsi4.o)
                0x00000cd6                __udivmodsi4
 .text.avr-libc
                0x00000d1a       0x44 c:/program files (x86)/atmel/atmel toolchain/avr8 gcc/native/3.4.1056/avr8-gnu-toolchain/bin/../lib/gcc/avr/4.8.1/../../../../avr/lib/avrxmega2\libc.a(sprintf.o)
                0x00000d1a                sprintf
 .text.avr-libc
                0x00000d5e      0x3a4 c:/program files (x86)/atmel/atmel toolchain/avr8 gcc/native/3.4.1056/avr8-gnu-toolchain/bin/../lib/gcc/avr/4.8.1/../../../../avr/lib/avrxmega2\libc.a(vfprintf_std.o)
                0x00000d5e                vfprintf
 .text.avr-libc
                0x00001102       0x16 c:/program files (x86)/atmel/atmel toolchain/avr8 gcc/native/3.4.1056/avr8-gnu-toolchain/bin/../lib/gcc/avr/4.8.1/../../../../avr/lib/avrxmega2\libc.a(strnlen_P.o)
                0x00001102                strnlen_P
 .text.avr-libc
                0x00001118       0x16 c:/program files (x86)/atmel/atmel toolchain/avr8 gcc/native/3.4.1056/avr8-gnu-toolchain/bin/../lib/gcc/avr/4.8.1/../../../../avr/lib/avrxmega2\libc.a(strnlen.o)
                0x00001118                strnlen
 .text.avr-libc
                0x0000112e       0x64 c:/program files (x86)/atmel/atmel toolchain/avr8 gcc/native/3.4.1056/avr8-gnu-toolchain/bin/../lib/gcc/avr/4.8.1/../../../../avr/lib/avrxmega2\libc.a(fputc.o)
                0x0000112e                fputc
 .text.avr-libc
                0x00001192       0xbc c:/program files (x86)/atmel/atmel toolchain/avr8 gcc/native/3.4.1056/avr8-gnu-toolchain/bin/../lib/gcc/avr/4.8.1/../../../../avr/lib/avrxmega2\libc.a(ultoa_invert.o)
                0x00001192                __ultoa_invert
 .text.libgcc.prologue
                0x0000124e       0x32 c:/program files (x86)/atmel/atmel toolchain/avr8 gcc/native/3.4.1056/avr8-gnu-toolchain/bin/../lib/gcc/avr/4.8.1/avrxmega2\libgcc.a(_prologue.o)
                0x0000124e                __prologue_saves__
 .text.libgcc.prologue
                0x00001280       0x30 c:/program files (x86)/atmel/atmel toolchain/avr8 gcc/native/3.4.1056/avr8-gnu-toolchain/bin/../lib/gcc/avr/4.8.1/avrxmega2\libgcc.a(_epilogue.o)
                0x00001280                __epilogue_restores__
                0x000012b0                . = ALIGN (0x2)
 *(.fini9)
 .fini9         0x000012b0        0x0 c:/program files (x86)/atmel/atmel toolchain/avr8 gcc/native/3.4.1056/avr8-gnu-toolchain/bin/../lib/gcc/avr/4.8.1/avrxmega2\libgcc.a(_exit.o)
                0x000012b0                _exit
                0x000012b0                exit
 *(.fini9)
 *(.fini8)
 *(.fini8)
 *(.fini7)
 *(.fini7)
 *(.fini6)
 *(.fini6)
 *(.fini5)
 *(.fini5)
 *(.fini4)
 *(.fini4)
 *(.fini3)
 *(.fini3)
 *(.fini2)
 *(.fini2)
 *(.fini1)
 *(.fini1)
 *(.fini0)
 .fini0         0x000012b0        0x4 c:/program files (x86)/atmel/atmel toolchain/avr8 gcc/native/3.4.1056/avr8-gnu-toolchain/bin/../lib/gcc/avr/4.8.1/avrxmega2\libgcc.a(_exit.o)
 *(.fini0)
                0x000012b4                _etext = .

.data           0x00802000       0x2a load address 0x000012b4
                0x00802000                PROVIDE (__data_start, .)
 *(.data)
 .data          0x00802000        0x0 c:/program files (x86)/atmel/atmel toolchain/avr8 gcc/native/3.4.1056/avr8-gnu-toolchain/bin/../lib/gcc/avr/4.8.1/../../../../avr/lib/avrxmega2/crtx32a4u.o
 .data          0x00802000        0x0 drivers/adc.o
 .data          0x00802000        0x0 drivers/board.o
 .data          0x00802000        0x0 drivers/com.o
 .data          0x00802000        0x0 drivers/drivers/adc_driver.o
 .data          0x00802000        0x0 drivers/drivers/clksys_driver.o
 .data          0x00802000        0x0 drivers/drivers/dma_driver.o
 .data          0x00802000        0x0 drivers/drivers/port_driver.o
 .data          0x00802000        0x0 drivers/drivers/qdec_driver.o
 .data          0x00802000        0x0 drivers/drivers/tc_driver.o
 .data          0x00802000        0x0 drivers/drivers/twi_master_driver.o
 .data          0x00802000        0x0 drivers/drivers/usart_driver.o
 .data          0x00802000        0x0 drivers/gyro.o
 .data          0x00802000        0x0 drivers/motor.o
 .data          0x00802000        0x0 main.o
 .data          0x00802000        0x0 c:/program files (x86)/atmel/atmel toolchain/avr8 gcc/native/3.4.1056/avr8-gnu-toolchain/bin/../lib/gcc/avr/4.8.1/avrxmega2\libgcc.a(_udivmodsi4.o)
 .data          0x00802000        0x0 c:/program files (x86)/atmel/atmel toolchain/avr8 gcc/native/3.4.1056/avr8-gnu-toolchain/bin/../lib/gcc/avr/4.8.1/avrxmega2\libgcc.a(_exit.o)
 .data          0x00802000        0x0 c:/program files (x86)/atmel/atmel toolchain/avr8 gcc/native/3.4.1056/avr8-gnu-toolchain/bin/../lib/gcc/avr/4.8.1/avrxmega2\libgcc.a(_copy_data.o)
 .data          0x00802000        0x0 c:/program files (x86)/atmel/atmel toolchain/avr8 gcc/native/3.4.1056/avr8-gnu-toolchain/bin/../lib/gcc/avr/4.8.1/avrxmega2\libgcc.a(_clear_bss.o)
 .data          0x00802000        0x0 c:/program files (x86)/atmel/atmel toolchain/avr8 gcc/native/3.4.1056/avr8-gnu-toolchain/bin/../lib/gcc/avr/4.8.1/../../../../avr/lib/avrxmega2\libc.a(sprintf.o)
 .data          0x00802000        0x0 c:/program files (x86)/atmel/atmel toolchain/avr8 gcc/native/3.4.1056/avr8-gnu-toolchain/bin/../lib/gcc/avr/4.8.1/../../../../avr/lib/avrxmega2\libc.a(vfprintf_std.o)
 .data          0x00802000        0x0 c:/program files (x86)/atmel/atmel toolchain/avr8 gcc/native/3.4.1056/avr8-gnu-toolchain/bin/../lib/gcc/avr/4.8.1/../../../../avr/lib/avrxmega2\libc.a(strnlen_P.o)
 .data          0x00802000        0x0 c:/program files (x86)/atmel/atmel toolchain/avr8 gcc/native/3.4.1056/avr8-gnu-toolchain/bin/../lib/gcc/avr/4.8.1/../../../../avr/lib/avrxmega2\libc.a(strnlen.o)
 .data          0x00802000        0x0 c:/program files (x86)/atmel/atmel toolchain/avr8 gcc/native/3.4.1056/avr8-gnu-toolchain/bin/../lib/gcc/avr/4.8.1/../../../../avr/lib/avrxmega2\libc.a(fputc.o)
 .data          0x00802000        0x0 c:/program files (x86)/atmel/atmel toolchain/avr8 gcc/native/3.4.1056/avr8-gnu-toolchain/bin/../lib/gcc/avr/4.8.1/../../../../avr/lib/avrxmega2\libc.a(ultoa_invert.o)
 .data          0x00802000        0x0 c:/program files (x86)/atmel/atmel toolchain/avr8 gcc/native/3.4.1056/avr8-gnu-toolchain/bin/../lib/gcc/avr/4.8.1/avrxmega2\libgcc.a(_prologue.o)
 .data          0x00802000        0x0 c:/program files (x86)/atmel/atmel toolchain/avr8 gcc/native/3.4.1056/avr8-gnu-toolchain/bin/../lib/gcc/avr/4.8.1/avrxmega2\libgcc.a(_epilogue.o)
 *(.data*)
 *(.rodata)
 *(.rodata*)
 .rodata.str1.1
                0x00802000       0x29 main.o
 *(.gnu.linkonce.d*)
                0x0080202a                . = ALIGN (0x2)
 *fill*         0x00802029        0x1 
                0x0080202a                _edata = .
                0x0080202a                PROVIDE (__data_end, .)

.bss            0x0080202a       0x77
                0x0080202a                PROVIDE (__bss_start, .)
 *(.bss)
 *(.bss*)
 .bss.offset    0x0080202a        0x1 drivers/adc.o
 .bss.systick   0x0080202b        0x4 drivers/board.o
                0x0080202b                systick
 *(COMMON)
 COMMON         0x0080202f       0x47 drivers/com.o
                0x0080202f                USART_data
 COMMON         0x00802076       0x2b drivers/gyro.o
                0x00802076                accel
                0x0080207c                accel_zero
                0x00802082                gyro
                0x00802088                twiMaster
                0x0080209b                gyro_zero
                0x008020a1                PROVIDE (__bss_end, .)
                0x000012b4                __data_load_start = LOADADDR (.data)
                0x000012de                __data_load_end = (__data_load_start + SIZEOF (.data))

.noinit         0x008020a1        0x0
                0x008020a1                PROVIDE (__noinit_start, .)
 *(.noinit*)
                0x008020a1                PROVIDE (__noinit_end, .)
                0x008020a1                _end = .
                0x008020a1                PROVIDE (__heap_start, .)

.eeprom         0x00810000        0x0
 *(.eeprom*)
                0x00810000                __eeprom_end = .

.fuse
 *(.fuse)
 *(.lfuse)
 *(.hfuse)
 *(.efuse)

.lock
 *(.lock*)

.signature
 *(.signature*)

.user_signatures
 *(.user_signatures*)

.stab
 *(.stab)

.stabstr
 *(.stabstr)

.stab.excl
 *(.stab.excl)

.stab.exclstr
 *(.stab.exclstr)

.stab.index
 *(.stab.index)

.stab.indexstr
 *(.stab.indexstr)

.comment        0x00000000       0x5c
 *(.comment)
 .comment       0x00000000       0x30 drivers/adc.o
                                 0x31 (size before relaxing)
 .comment       0x00000000       0x31 drivers/board.o
 .comment       0x00000000       0x31 drivers/com.o
 .comment       0x00000000       0x31 drivers/drivers/adc_driver.o
 .comment       0x00000000       0x31 drivers/drivers/clksys_driver.o
 .comment       0x00000000       0x31 drivers/drivers/dma_driver.o
 .comment       0x00000000       0x31 drivers/drivers/port_driver.o
 .comment       0x00000000       0x31 drivers/drivers/qdec_driver.o
 .comment       0x00000000       0x31 drivers/drivers/tc_driver.o
 .comment       0x00000000       0x31 drivers/drivers/twi_master_driver.o
 .comment       0x00000000       0x31 drivers/drivers/usart_driver.o
 .comment       0x00000000       0x31 drivers/gyro.o
 .comment       0x00000000       0x31 drivers/motor.o
 .comment       0x00000000       0x31 main.o
 .comment       0x00000000       0x31 c:/program files (x86)/atmel/atmel toolchain/avr8 gcc/native/3.4.1056/avr8-gnu-toolchain/bin/../lib/gcc/avr/4.8.1/../../../../avr/lib/avrxmega2\libc.a(sprintf.o)
 .comment       0x00000030       0x2c c:/program files (x86)/atmel/atmel toolchain/avr8 gcc/native/3.4.1056/avr8-gnu-toolchain/bin/../lib/gcc/avr/4.8.1/../../../../avr/lib/avrxmega2\libc.a(vfprintf_std.o)
                                 0x2d (size before relaxing)
 .comment       0x00000000       0x31 c:/program files (x86)/atmel/atmel toolchain/avr8 gcc/native/3.4.1056/avr8-gnu-toolchain/bin/../lib/gcc/avr/4.8.1/../../../../avr/lib/avrxmega2\libc.a(fputc.o)

.note.gnu.build-id
 *(.note.gnu.build-id)

.debug
 *(.debug)

.line
 *(.line)

.debug_srcinfo
 *(.debug_srcinfo)

.debug_sfnames
 *(.debug_sfnames)

.debug_aranges  0x00000000      0x570
 *(.debug_aranges)
 .debug_aranges
                0x00000000       0x28 drivers/adc.o
 .debug_aranges
                0x00000028       0x20 drivers/board.o
 .debug_aranges
                0x00000048       0x58 drivers/com.o
 .debug_aranges
                0x000000a0       0x70 drivers/drivers/adc_driver.o
 .debug_aranges
                0x00000110       0x68 drivers/drivers/clksys_driver.o
 .debug_aranges
                0x00000178       0xa0 drivers/drivers/dma_driver.o
 .debug_aranges
                0x00000218       0x30 drivers/drivers/port_driver.o
 .debug_aranges
                0x00000248       0x48 drivers/drivers/qdec_driver.o
 .debug_aranges
                0x00000290       0xc8 drivers/drivers/tc_driver.o
 .debug_aranges
                0x00000358       0x70 drivers/drivers/twi_master_driver.o
 .debug_aranges
                0x000003c8       0x68 drivers/drivers/usart_driver.o
 .debug_aranges
                0x00000430       0x60 drivers/gyro.o
 .debug_aranges
                0x00000490       0x40 drivers/motor.o
 .debug_aranges
                0x000004d0       0xa0 main.o

.debug_pubnames
 *(.debug_pubnames)

.debug_info     0x00000000     0x9b36
 *(.debug_info .gnu.linkonce.wi.*)
 .debug_info    0x00000000      0x7b8 drivers/adc.o
 .debug_info    0x000007b8       0xa1 drivers/board.o
 .debug_info    0x00000859      0x846 drivers/com.o
 .debug_info    0x0000109f      0xb36 drivers/drivers/adc_driver.o
 .debug_info    0x00001bd5      0x646 drivers/drivers/clksys_driver.o
 .debug_info    0x0000221b      0x931 drivers/drivers/dma_driver.o
 .debug_info    0x00002b4c      0x48c drivers/drivers/port_driver.o
 .debug_info    0x00002fd8     0x1168 drivers/drivers/qdec_driver.o
 .debug_info    0x00004140     0x1318 drivers/drivers/tc_driver.o
 .debug_info    0x00005458      0x885 drivers/drivers/twi_master_driver.o
 .debug_info    0x00005cdd      0x584 drivers/drivers/usart_driver.o
 .debug_info    0x00006261      0x8f5 drivers/gyro.o
 .debug_info    0x00006b56     0x16ea drivers/motor.o
 .debug_info    0x00008240     0x18f6 main.o

.debug_abbrev   0x00000000     0x1aca
 *(.debug_abbrev)
 .debug_abbrev  0x00000000      0x199 drivers/adc.o
 .debug_abbrev  0x00000199       0x69 drivers/board.o
 .debug_abbrev  0x00000202      0x1ae drivers/com.o
 .debug_abbrev  0x000003b0      0x2d6 drivers/drivers/adc_driver.o
 .debug_abbrev  0x00000686      0x1c8 drivers/drivers/clksys_driver.o
 .debug_abbrev  0x0000084e      0x1c9 drivers/drivers/dma_driver.o
 .debug_abbrev  0x00000a17      0x118 drivers/drivers/port_driver.o
 .debug_abbrev  0x00000b2f      0x1f8 drivers/drivers/qdec_driver.o
 .debug_abbrev  0x00000d27      0x176 drivers/drivers/tc_driver.o
 .debug_abbrev  0x00000e9d      0x293 drivers/drivers/twi_master_driver.o
 .debug_abbrev  0x00001130      0x21d drivers/drivers/usart_driver.o
 .debug_abbrev  0x0000134d      0x1b7 drivers/gyro.o
 .debug_abbrev  0x00001504      0x1f5 drivers/motor.o
 .debug_abbrev  0x000016f9      0x3d1 main.o

.debug_line     0x00000000     0x1e7d
 *(.debug_line .debug_line.* .debug_line_end)
 .debug_line    0x00000000      0x169 drivers/adc.o
 .debug_line    0x00000169       0xb3 drivers/board.o
 .debug_line    0x0000021c      0x1e1 drivers/com.o
 .debug_line    0x000003fd      0x2d1 drivers/drivers/adc_driver.o
 .debug_line    0x000006ce      0x1f4 drivers/drivers/clksys_driver.o
 .debug_line    0x000008c2      0x263 drivers/drivers/dma_driver.o
 .debug_line    0x00000b25      0x186 drivers/drivers/port_driver.o
 .debug_line    0x00000cab      0x1e3 drivers/drivers/qdec_driver.o
 .debug_line    0x00000e8e      0x2a4 drivers/drivers/tc_driver.o
 .debug_line    0x00001132      0x260 drivers/drivers/twi_master_driver.o
 .debug_line    0x00001392      0x211 drivers/drivers/usart_driver.o
 .debug_line    0x000015a3      0x22b drivers/gyro.o
 .debug_line    0x000017ce      0x266 drivers/motor.o
 .debug_line    0x00001a34      0x449 main.o

.debug_frame    0x00000000      0xd50
 *(.debug_frame)
 .debug_frame   0x00000000       0x34 drivers/adc.o
 .debug_frame   0x00000034       0x44 drivers/board.o
 .debug_frame   0x00000078      0x16c drivers/com.o
 .debug_frame   0x000001e4       0xd0 drivers/drivers/adc_driver.o
 .debug_frame   0x000002b4       0xdc drivers/drivers/clksys_driver.o
 .debug_frame   0x00000390      0x154 drivers/drivers/dma_driver.o
 .debug_frame   0x000004e4       0x50 drivers/drivers/port_driver.o
 .debug_frame   0x00000534       0xa4 drivers/drivers/qdec_driver.o
 .debug_frame   0x000005d8      0x174 drivers/drivers/tc_driver.o
 .debug_frame   0x0000074c       0xe8 drivers/drivers/twi_master_driver.o
 .debug_frame   0x00000834       0xd0 drivers/drivers/usart_driver.o
 .debug_frame   0x00000904      0x1a0 drivers/gyro.o
 .debug_frame   0x00000aa4       0xc8 drivers/motor.o
 .debug_frame   0x00000b6c      0x1e4 main.o

.debug_str      0x00000000     0x448f
 *(.debug_str)
 .debug_str     0x00000000      0x8e3 drivers/adc.o
                                0x941 (size before relaxing)
 .debug_str     0x000008e3       0x30 drivers/board.o
                                0x172 (size before relaxing)
 .debug_str     0x00000913      0x473 drivers/com.o
                                0x696 (size before relaxing)
 .debug_str     0x00000d86      0x4e6 drivers/drivers/adc_driver.o
                                0x958 (size before relaxing)
 .debug_str     0x0000126c      0x635 drivers/drivers/clksys_driver.o
                                0x7b2 (size before relaxing)
 .debug_str     0x000018a1      0x743 drivers/drivers/dma_driver.o
                                0x98b (size before relaxing)
 .debug_str     0x00001fe4      0x30a drivers/drivers/port_driver.o
                                0x53d (size before relaxing)
 .debug_str     0x000022ee     0x1376 drivers/drivers/qdec_driver.o
                               0x1717 (size before relaxing)
 .debug_str     0x00003664      0x60b drivers/drivers/tc_driver.o
                                0xcaf (size before relaxing)
 .debug_str     0x00003c6f      0x49f drivers/drivers/twi_master_driver.o
                                0x642 (size before relaxing)
 .debug_str     0x0000410e       0xf5 drivers/drivers/usart_driver.o
                                0x452 (size before relaxing)
 .debug_str     0x00004203       0xc2 drivers/gyro.o
                                0x4f5 (size before relaxing)
 .debug_str     0x000042c5       0x66 drivers/motor.o
                               0x159a (size before relaxing)
 .debug_str     0x0000432b      0x164 main.o
                                0xd86 (size before relaxing)

.debug_loc      0x00000000     0x321f
 *(.debug_loc)
 .debug_loc     0x00000000       0x21 drivers/adc.o
 .debug_loc     0x00000021       0x63 drivers/board.o
 .debug_loc     0x00000084      0x387 drivers/com.o
 .debug_loc     0x0000040b      0x4e8 drivers/drivers/adc_driver.o
 .debug_loc     0x000008f3      0x2b6 drivers/drivers/clksys_driver.o
 .debug_loc     0x00000ba9      0x3a9 drivers/drivers/dma_driver.o
 .debug_loc     0x00000f52      0x15d drivers/drivers/port_driver.o
 .debug_loc     0x000010af      0x49d drivers/drivers/qdec_driver.o
 .debug_loc     0x0000154c      0x378 drivers/drivers/tc_driver.o
 .debug_loc     0x000018c4      0x5a2 drivers/drivers/twi_master_driver.o
 .debug_loc     0x00001e66      0x42d drivers/drivers/usart_driver.o
 .debug_loc     0x00002293      0x419 drivers/gyro.o
 .debug_loc     0x000026ac      0x34d drivers/motor.o
 .debug_loc     0x000029f9      0x826 main.o

.debug_macinfo
 *(.debug_macinfo)

.debug_weaknames
 *(.debug_weaknames)

.debug_funcnames
 *(.debug_funcnames)

.debug_typenames
 *(.debug_typenames)

.debug_varnames
 *(.debug_varnames)

.debug_pubtypes
 *(.debug_pubtypes)

.debug_ranges   0x00000000      0x510
 *(.debug_ranges)
 .debug_ranges  0x00000000       0x18 drivers/adc.o
 .debug_ranges  0x00000018       0x10 drivers/board.o
 .debug_ranges  0x00000028       0x48 drivers/com.o
 .debug_ranges  0x00000070       0x90 drivers/drivers/adc_driver.o
 .debug_ranges  0x00000100       0x58 drivers/drivers/clksys_driver.o
 .debug_ranges  0x00000158       0x90 drivers/drivers/dma_driver.o
 .debug_ranges  0x000001e8       0x20 drivers/drivers/port_driver.o
 .debug_ranges  0x00000208       0x38 drivers/drivers/qdec_driver.o
 .debug_ranges  0x00000240       0xb8 drivers/drivers/tc_driver.o
 .debug_ranges  0x000002f8       0x60 drivers/drivers/twi_master_driver.o
 .debug_ranges  0x00000358       0x58 drivers/drivers/usart_driver.o
 .debug_ranges  0x000003b0       0x50 drivers/gyro.o
 .debug_ranges  0x00000400       0x30 drivers/motor.o
 .debug_ranges  0x00000430       0xe0 main.o

.debug_macro
 *(.debug_macro)
OUTPUT(PisiXBee51.elf elf32-avr)
LOAD linker stubs
